---
source: server/zenith/test/media.rs
assertion_line: 25
expression: "app.get(\"/tv/episodes/9\").await"
---
{
  "air_date": null,
  "backdrop": null,
  "episode_number": 1,
  "external_ids": {
    "tmdb": null
  },
  "id": 9,
  "name": "Episode 1",
  "overview": null,
  "poster": null,
  "season_id": 7,
  "season_number": 1,
  "show_id": 4,
  "show_name": "Test Show 1",
  "thumbnail": null,
  "user_data": {
    "is_watched": false,
    "last_watched_at": null,
    "position": null
  },
  "video_info": {
    "audio": [],
    "duration": 100.0,
    "format": null,
    "path": "/path/to/Test Episode 1",
    "subtitles": [],
    "video": null
  }
}
