---
source: server/zenith/test/media.rs
assertion_line: 31
expression: "app.get(\"/items/continue_watching\").await"
---
[
  {
    "backdrop": null,
    "external_ids": {
      "tmdb": null
    },
    "id": 1,
    "overview": null,
    "poster": null,
    "release_date": null,
    "title": "Test Movie 1",
    "type": "movie",
    "user_data": {
      "is_watched": false,
      "last_watched_at": 1662911415,
      "position": 50.0
    },
    "video_info": {
      "audio": [],
      "duration": 100.0,
      "format": null,
      "path": "/path/to/Test Movie 1/Test Movie 1.mp4",
      "subtitles": [],
      "video": null
    }
  },
  {
    "backdrop": null,
    "external_ids": {
      "tmdb": null
    },
    "id": 2,
    "overview": null,
    "poster": null,
    "release_date": null,
    "title": "Test Movie 2",
    "type": "movie",
    "user_data": {
      "is_watched": false,
      "last_watched_at": 1662911415,
      "position": 50.0
    },
    "video_info": {
      "audio": [],
      "duration": 100.0,
      "format": null,
      "path": "/path/to/Test Movie 2/Test Movie 2.mp4",
      "subtitles": [],
      "video": null
    }
  },
  {
    "air_date": null,
    "backdrop": null,
    "episode_number": 2,
    "external_ids": {
      "tmdb": null
    },
    "id": 10,
    "name": "Episode 2",
    "overview": null,
    "poster": null,
    "season_id": 7,
    "season_number": 1,
    "show_id": 4,
    "show_name": "Test Show 1",
    "thumbnail": null,
    "type": "episode",
    "user_data": {
      "is_watched": false,
      "last_watched_at": 1662911415,
      "position": 50.0
    },
    "video_info": {
      "audio": [],
      "duration": 100.0,
      "format": null,
      "path": "/path/to/Test Episode 2",
      "subtitles": [],
      "video": null
    }
  }
]
