---
source: server/zenith/test/media.rs
expression: "app.get(\"/movies/1\").await"
---
{
  "backdrop": null,
  "external_ids": {
    "tmdb": null
  },
  "id": 1,
  "overview": null,
  "poster": null,
  "release_date": null,
  "title": "Test Movie 1",
  "user_data": {
    "is_watched": false,
    "last_watched_at": 1662911415,
    "position": 50.0
  },
  "video_info": {
    "audio": [],
    "duration": 100.0,
    "format": null,
    "path": "/path/to/Test Movie 1/Test Movie 1.mp4",
    "subtitles": [],
    "video": null
  }
}
